// Jest Snapshot v1, https://goo.gl/fbAQLP

exports[`renders correct button 1`] = `
<a
  href="/visit"
  onClick={[Function]}
>
  <span
    aria-hidden={true}
    className="fa fa-camera fa-2x homeButtons"
    style={
      Object {
        "alignItems": "center",
        "backgroundColor": "#EE3A43",
        "color": "black",
        "justifyContent": "center",
      }
    }
  />
</a>
`;
