// Jest Snapshot v1, https://goo.gl/fbAQLP

exports[`renders a banner component 1`] = `
<img
  alt="Alt"
  className="img-fluid"
  src="..//assets/Name.jpg"
/>
`;
