// Jest Snapshot v1, https://goo.gl/fbAQLP

exports[`renders a fact 1`] = `
<div>
  <img
    alt="Victoria"
    src="..//assets/photos/25_o.jpg"
  />
  <h3>
    Victoria
  </h3>
</div>
`;
